{
  "provider": {
    "other": {
      "x": 1
    },
    "bootagent": {
      "npm": "@ai-sdk/openai-compatible",
      "name": "PPIO",
      "options": {
        "baseURL": "https://api.ppio.com/openai/v1",
        "apiKey": "sk-parity"
      },
      "models": {
        "model-new": {
          "name": "model-new"
        }
      }
    }
  },
  "keep": true,
  "$schema": "https://app.kilo.ai/config.json",
  "model": "bootagent/model-new"
}
