{
  "keep": true,
  "provider": {
    "other": {
      "x": 1
    },
    "oneagent": {
      "npm": "@ai-sdk/openai-compatible",
      "name": "PPIO",
      "options": {
        "baseURL": "https://api.ppio.com/openai/v1",
        "apiKey": "sk-parity"
      },
      "models": {
        "model-new": {
          "name": "model-new"
        }
      }
    }
  },
  "theme": "dark",
  "$schema": "https://opencode.ai/config.json",
  "model": "oneagent/model-new"
}
